dx bazel - forward raw arguments to the Bazel launcher

forward raw arguments to the Bazel launcher

Usage: dx bazel [-- bazel-args ...]

Arguments:
  [BAZEL_OPTIONS]...
          Args after --

Options:
      --workspace <WORKSPACE>
          Use this workspace dir

      --dry-run[=<DRY_RUN>]
          Show the plan without running it. =false turns off an inherited default
          
          [possible values: true, false]

      --quiet[=<QUIET>]
          Hide summaries. =false turns off an inherited default
          
          [possible values: true, false]

  -v, --verbose[=<VERBOSE>]
          Show more logs. =false turns off an inherited default
          
          [possible values: true, false]

      --color <COLOR>
          Set color output

      --log-level <LEVEL>
          Set log level

      --output <OUTPUT>
          Set output format

      --bazel-startup-option <TOKEN>
          Pass one Bazel startup option (repeatable)

  -h, --help
          Print help

Per-command flags: none (raw Bazel forwarding; dx-owned options must precede the command word and most are rejected).

Scopes: none (raw Bazel forwarding; no dx scope resolution).
Exit codes: 0 success; 2 usage/scope/owner errors; 1 operational failures; Bazel-authoritative failures preserve Bazel's code.
Output: --output text; --report has no standard format for this command.
Rejected: --report, --fail-on, --min-coverage, --strict-evidence, --check, --apply, --debug, --release, --bazel, --prune-unobserved, --pin, --rollback, --configured, --from, --to, --here, --serve, --port, --host, --open, --offline, --workspace-capabilities.
Environment: RUST_LOG=<filter> overrides --verbose and --log-level; NO_COLOR=<any> disables color; BUILD_WORKSPACE_DIRECTORY=<dir> sets the workspace start. `dx --help` lists every DX_ default.

